[debug] [2025-09-08T23:54:51.480Z] ----------------------------------------------------------------------
[debug] [2025-09-08T23:54:51.491Z] Command:       /usr/local/bin/node /usr/local/bin/firebase deploy --only firestore:rules
[debug] [2025-09-08T23:54:51.492Z] CLI Version:   14.15.2
[debug] [2025-09-08T23:54:51.492Z] Platform:      darwin
[debug] [2025-09-08T23:54:51.492Z] Node Version:  v24.7.0
[debug] [2025-09-08T23:54:51.492Z] Time:          Tue Sep 09 2025 01:54:51 GMT+0200 (Central European Summer Time)
[debug] [2025-09-08T23:54:51.492Z] ----------------------------------------------------------------------
[debug] 
[error] 
[error] Error: Cannot understand what targets to deploy/serve. No targets in firebase.json match '--only firestore:rules'.
[debug] [2025-09-08T23:55:35.439Z] ----------------------------------------------------------------------
[debug] [2025-09-08T23:55:35.446Z] Command:       /usr/local/bin/node /usr/local/bin/firebase deploy --only firestore
[debug] [2025-09-08T23:55:35.447Z] CLI Version:   14.15.2
[debug] [2025-09-08T23:55:35.447Z] Platform:      darwin
[debug] [2025-09-08T23:55:35.447Z] Node Version:  v24.7.0
[debug] [2025-09-08T23:55:35.447Z] Time:          Tue Sep 09 2025 01:55:35 GMT+0200 (Central European Summer Time)
[debug] [2025-09-08T23:55:35.447Z] ----------------------------------------------------------------------
[debug] 
[debug] [2025-09-08T23:55:35.712Z] > command requires scopes: ["email","openid","https://www.googleapis.com/auth/cloudplatformprojects.readonly","https://www.googleapis.com/auth/firebase","https://www.googleapis.com/auth/cloud-platform"]
[debug] [2025-09-08T23:55:35.713Z] > authorizing via signed-in user (fwittenbecher@gmail.com)
[debug] [2025-09-08T23:55:35.713Z] [iam] checking project body-and-soul-app for permissions ["datastore.indexes.create","datastore.indexes.delete","datastore.indexes.list","datastore.indexes.update","firebase.projects.get"]
[debug] [2025-09-08T23:55:35.714Z] Checked if tokens are valid: false, expires at: 1757362457146
[debug] [2025-09-08T23:55:35.715Z] Checked if tokens are valid: false, expires at: 1757362457146
[debug] [2025-09-08T23:55:35.715Z] > refreshing access token with scopes: []
[debug] [2025-09-08T23:55:35.719Z] >>> [apiv2][query] POST https://www.googleapis.com/oauth2/v3/token [none]
[debug] [2025-09-08T23:55:35.727Z] >>> [apiv2][body] POST https://www.googleapis.com/oauth2/v3/token [omitted]
[debug] [2025-09-08T23:55:35.913Z] <<< [apiv2][status] POST https://www.googleapis.com/oauth2/v3/token 200
[debug] [2025-09-08T23:55:35.913Z] <<< [apiv2][body] POST https://www.googleapis.com/oauth2/v3/token [omitted]
[debug] [2025-09-08T23:55:35.944Z] >>> [apiv2][query] POST https://cloudresourcemanager.googleapis.com/v1/projects/body-and-soul-app:testIamPermissions [none]
[debug] [2025-09-08T23:55:35.944Z] >>> [apiv2][(partial)header] POST https://cloudresourcemanager.googleapis.com/v1/projects/body-and-soul-app:testIamPermissions x-goog-quota-user=projects/body-and-soul-app
[debug] [2025-09-08T23:55:35.944Z] >>> [apiv2][body] POST https://cloudresourcemanager.googleapis.com/v1/projects/body-and-soul-app:testIamPermissions {"permissions":["datastore.indexes.create","datastore.indexes.delete","datastore.indexes.list","datastore.indexes.update","firebase.projects.get"]}
[debug] [2025-09-08T23:55:36.204Z] <<< [apiv2][status] POST https://cloudresourcemanager.googleapis.com/v1/projects/body-and-soul-app:testIamPermissions 200
[debug] [2025-09-08T23:55:36.205Z] <<< [apiv2][body] POST https://cloudresourcemanager.googleapis.com/v1/projects/body-and-soul-app:testIamPermissions {"permissions":["datastore.indexes.create","datastore.indexes.delete","datastore.indexes.list","datastore.indexes.update","firebase.projects.get"]}
[info] 
[info] === Deploying to 'body-and-soul-app'...
[info] 
[info] i  deploying firestore 
[info] i  firestore: reading indexes from firestore.indexes.json... 
[info] i  cloud.firestore: checking firestore.rules for compilation errors... 
[debug] [2025-09-08T23:55:36.214Z] Checked if tokens are valid: true, expires at: 1757379334913
[debug] [2025-09-08T23:55:36.214Z] Checked if tokens are valid: true, expires at: 1757379334913
[debug] [2025-09-08T23:55:36.214Z] >>> [apiv2][query] POST https://firebaserules.googleapis.com/v1/projects/body-and-soul-app:test [none]
[debug] [2025-09-08T23:55:36.214Z] >>> [apiv2][body] POST https://firebaserules.googleapis.com/v1/projects/body-and-soul-app:test [omitted]
[debug] [2025-09-08T23:55:36.647Z] <<< [apiv2][status] POST https://firebaserules.googleapis.com/v1/projects/body-and-soul-app:test 200
[debug] [2025-09-08T23:55:36.647Z] <<< [apiv2][body] POST https://firebaserules.googleapis.com/v1/projects/body-and-soul-app:test {}
[info] ✔  cloud.firestore: rules file firestore.rules compiled successfully 
[debug] [2025-09-08T23:55:36.648Z] Checked if tokens are valid: true, expires at: 1757379334913
[debug] [2025-09-08T23:55:36.648Z] Checked if tokens are valid: true, expires at: 1757379334913
[debug] [2025-09-08T23:55:36.648Z] >>> [apiv2][query] GET https://firestore.googleapis.com/v1/projects/body-and-soul-app/databases/(default) [none]
[debug] [2025-09-08T23:55:36.799Z] <<< [apiv2][status] GET https://firestore.googleapis.com/v1/projects/body-and-soul-app/databases/(default) 200
[debug] [2025-09-08T23:55:36.799Z] <<< [apiv2][body] GET https://firestore.googleapis.com/v1/projects/body-and-soul-app/databases/(default) {"name":"projects/body-and-soul-app/databases/(default)","uid":"bfc63b61-3547-4888-b494-7df06959dc03","createTime":"2025-09-05T16:05:05.183705Z","updateTime":"2025-09-05T16:05:05.183705Z","locationId":"europe-west3","type":"FIRESTORE_NATIVE","concurrencyMode":"PESSIMISTIC","versionRetentionPeriod":"3600s","earliestVersionTime":"2025-09-08T22:55:36.875028Z","appEngineIntegrationMode":"DISABLED","keyPrefix":"h","pointInTimeRecoveryEnablement":"POINT_IN_TIME_RECOVERY_DISABLED","deleteProtectionState":"DELETE_PROTECTION_DISABLED","databaseEdition":"STANDARD","freeTier":true,"etag":"IN6LouSuyo8DMPidyKGAwo8D"}
[debug] [2025-09-08T23:55:36.801Z] Checked if tokens are valid: true, expires at: 1757379334913
[debug] [2025-09-08T23:55:36.802Z] Checked if tokens are valid: true, expires at: 1757379334913
[debug] [2025-09-08T23:55:36.802Z] >>> [apiv2][query] GET https://firebaserules.googleapis.com/v1/projects/body-and-soul-app/releases pageSize=10&pageToken=
[debug] [2025-09-08T23:55:37.498Z] <<< [apiv2][status] GET https://firebaserules.googleapis.com/v1/projects/body-and-soul-app/releases 200
[debug] [2025-09-08T23:55:37.498Z] <<< [apiv2][body] GET https://firebaserules.googleapis.com/v1/projects/body-and-soul-app/releases {"releases":[{"name":"projects/body-and-soul-app/releases/cloud.firestore","rulesetName":"projects/body-and-soul-app/rulesets/03d7d6a3-f8a8-4abf-9748-567800b67567","createTime":"2025-09-05T16:05:11.810089Z","updateTime":"2025-09-08T01:00:58.975831Z"},{"name":"projects/body-and-soul-app/releases/firebase.storage/body-and-soul-app.firebasestorage.app","rulesetName":"projects/body-and-soul-app/rulesets/a5d0e49d-f4ba-48c1-b04d-31e4c337cabb","createTime":"2025-09-03T23:44:54.885509Z","updateTime":"2025-09-03T23:44:54.885509Z"}]}
[debug] [2025-09-08T23:55:37.527Z] Checked if tokens are valid: true, expires at: 1757379334913
[debug] [2025-09-08T23:55:37.527Z] Checked if tokens are valid: true, expires at: 1757379334913
[debug] [2025-09-08T23:55:37.527Z] >>> [apiv2][query] GET https://firebaserules.googleapis.com/v1/projects/body-and-soul-app/rulesets/03d7d6a3-f8a8-4abf-9748-567800b67567 [none]
[debug] [2025-09-08T23:55:38.286Z] <<< [apiv2][status] GET https://firebaserules.googleapis.com/v1/projects/body-and-soul-app/rulesets/03d7d6a3-f8a8-4abf-9748-567800b67567 200
[debug] [2025-09-08T23:55:38.286Z] <<< [apiv2][body] GET https://firebaserules.googleapis.com/v1/projects/body-and-soul-app/rulesets/03d7d6a3-f8a8-4abf-9748-567800b67567 [omitted]
[info] i  firestore: uploading rules firestore.rules... 
[debug] [2025-09-08T23:55:38.287Z] Checked if tokens are valid: true, expires at: 1757379334913
[debug] [2025-09-08T23:55:38.288Z] Checked if tokens are valid: true, expires at: 1757379334913
[debug] [2025-09-08T23:55:38.288Z] >>> [apiv2][query] POST https://firebaserules.googleapis.com/v1/projects/body-and-soul-app/rulesets [none]
[debug] [2025-09-08T23:55:38.288Z] >>> [apiv2][body] POST https://firebaserules.googleapis.com/v1/projects/body-and-soul-app/rulesets [omitted]
[debug] [2025-09-08T23:55:39.205Z] <<< [apiv2][status] POST https://firebaserules.googleapis.com/v1/projects/body-and-soul-app/rulesets 200
[debug] [2025-09-08T23:55:39.205Z] <<< [apiv2][body] POST https://firebaserules.googleapis.com/v1/projects/body-and-soul-app/rulesets {"name":"projects/body-and-soul-app/rulesets/3f712bc5-2c0b-4187-a1f0-a1cc85538124","source":{"files":[{"content":"rules_version = '2';\nservice cloud.firestore {\n  match /databases/{database}/documents {\n    match /User_Profiles/{userId} {\n      allow read, write: if request.auth != null && request.auth.uid == userId;\n    }\n\n    // WARNING: This rule is for development purposes to allow the upload script to work.\n    // It makes your audio_files collection publicly readable and writable.\n    // We should secure this later.\n    match /audio_files/{docId} {\n      allow read, write: if true;\n    }\n  }\n}","name":"firestore.rules"}]},"createTime":"2025-09-08T23:55:39.136223Z","metadata":{"services":["cloud.firestore"]}}
[debug] [2025-09-08T23:55:39.205Z] [rules] created ruleset projects/body-and-soul-app/rulesets/3f712bc5-2c0b-4187-a1f0-a1cc85538124
[info] i  firestore: deploying indexes... 
[debug] [2025-09-08T23:55:39.206Z] Checked if tokens are valid: true, expires at: 1757379334913
[debug] [2025-09-08T23:55:39.206Z] Checked if tokens are valid: true, expires at: 1757379334913
[debug] [2025-09-08T23:55:39.207Z] >>> [apiv2][query] GET https://firestore.googleapis.com/v1/projects/body-and-soul-app/databases/(default)/collectionGroups/-/indexes [none]
[debug] [2025-09-08T23:55:39.282Z] <<< [apiv2][status] GET https://firestore.googleapis.com/v1/projects/body-and-soul-app/databases/(default)/collectionGroups/-/indexes 200
[debug] [2025-09-08T23:55:39.282Z] <<< [apiv2][body] GET https://firestore.googleapis.com/v1/projects/body-and-soul-app/databases/(default)/collectionGroups/-/indexes {}
[debug] [2025-09-08T23:55:39.283Z] Checked if tokens are valid: true, expires at: 1757379334913
[debug] [2025-09-08T23:55:39.283Z] Checked if tokens are valid: true, expires at: 1757379334913
[debug] [2025-09-08T23:55:39.283Z] >>> [apiv2][query] GET https://firestore.googleapis.com/v1/projects/body-and-soul-app/databases/(default)/collectionGroups/-/fields?filter=indexConfig.usesAncestorConfig=false OR ttlConfig:* [none]
[debug] [2025-09-08T23:55:39.353Z] <<< [apiv2][status] GET https://firestore.googleapis.com/v1/projects/body-and-soul-app/databases/(default)/collectionGroups/-/fields?filter=indexConfig.usesAncestorConfig=false OR ttlConfig:* 200
[debug] [2025-09-08T23:55:39.353Z] <<< [apiv2][body] GET https://firestore.googleapis.com/v1/projects/body-and-soul-app/databases/(default)/collectionGroups/-/fields?filter=indexConfig.usesAncestorConfig=false OR ttlConfig:* {"fields":[{"name":"projects/body-and-soul-app/databases/(default)/collectionGroups/__default__/fields/*","indexConfig":{"indexes":[{"queryScope":"COLLECTION","fields":[{"fieldPath":"*","order":"ASCENDING"}],"state":"READY"},{"queryScope":"COLLECTION","fields":[{"fieldPath":"*","order":"DESCENDING"}],"state":"READY"},{"queryScope":"COLLECTION","fields":[{"fieldPath":"*","arrayConfig":"CONTAINS"}],"state":"READY"}]}}]}
[debug] [2025-09-08T23:55:39.353Z] Checked if tokens are valid: true, expires at: 1757379334913
[debug] [2025-09-08T23:55:39.353Z] Checked if tokens are valid: true, expires at: 1757379334913
[debug] [2025-09-08T23:55:39.354Z] >>> [apiv2][query] GET https://firestore.googleapis.com/v1/projects/body-and-soul-app/databases/(default) [none]
[debug] [2025-09-08T23:55:39.422Z] <<< [apiv2][status] GET https://firestore.googleapis.com/v1/projects/body-and-soul-app/databases/(default) 200
[debug] [2025-09-08T23:55:39.422Z] <<< [apiv2][body] GET https://firestore.googleapis.com/v1/projects/body-and-soul-app/databases/(default) {"name":"projects/body-and-soul-app/databases/(default)","uid":"bfc63b61-3547-4888-b494-7df06959dc03","createTime":"2025-09-05T16:05:05.183705Z","updateTime":"2025-09-05T16:05:05.183705Z","locationId":"europe-west3","type":"FIRESTORE_NATIVE","concurrencyMode":"PESSIMISTIC","versionRetentionPeriod":"3600s","earliestVersionTime":"2025-09-08T22:55:39.496246Z","appEngineIntegrationMode":"DISABLED","keyPrefix":"h","pointInTimeRecoveryEnablement":"POINT_IN_TIME_RECOVERY_DISABLED","deleteProtectionState":"DELETE_PROTECTION_DISABLED","databaseEdition":"STANDARD","freeTier":true,"etag":"IIKIwuWuyo8DMPidyKGAwo8D"}
[info] ✔  firestore: deployed indexes in firestore.indexes.json successfully for (default) database 
[debug] [2025-09-08T23:55:39.423Z] [rules] releasing cloud.firestore/(default) with ruleset projects/body-and-soul-app/rulesets/3f712bc5-2c0b-4187-a1f0-a1cc85538124
[debug] [2025-09-08T23:55:39.423Z] Checked if tokens are valid: true, expires at: 1757379334913
[debug] [2025-09-08T23:55:39.423Z] Checked if tokens are valid: true, expires at: 1757379334913
[debug] [2025-09-08T23:55:39.423Z] >>> [apiv2][query] PATCH https://firebaserules.googleapis.com/v1/projects/body-and-soul-app/releases/cloud.firestore/(default) [none]
[debug] [2025-09-08T23:55:39.424Z] >>> [apiv2][body] PATCH https://firebaserules.googleapis.com/v1/projects/body-and-soul-app/releases/cloud.firestore/(default) {"release":{"name":"projects/body-and-soul-app/releases/cloud.firestore/(default)","rulesetName":"projects/body-and-soul-app/rulesets/3f712bc5-2c0b-4187-a1f0-a1cc85538124"}}
[debug] [2025-09-08T23:55:40.331Z] <<< [apiv2][status] PATCH https://firebaserules.googleapis.com/v1/projects/body-and-soul-app/releases/cloud.firestore/(default) 200
[debug] [2025-09-08T23:55:40.331Z] <<< [apiv2][body] PATCH https://firebaserules.googleapis.com/v1/projects/body-and-soul-app/releases/cloud.firestore/(default) {"name":"projects/body-and-soul-app/releases/cloud.firestore","rulesetName":"projects/body-and-soul-app/rulesets/3f712bc5-2c0b-4187-a1f0-a1cc85538124","createTime":"2025-09-05T16:05:11.810089Z","updateTime":"2025-09-08T23:55:40.295709Z"}
[debug] [2025-09-08T23:55:40.331Z] [rules] updated release projects/body-and-soul-app/releases/cloud.firestore
[info] ✔  firestore: released rules firestore.rules to cloud.firestore 
[info] 
[info] ✔  Deploy complete! 
[info] 
[info] Project Console: https://console.firebase.google.com/project/body-and-soul-app/overview
[debug] [2025-09-09T00:13:05.014Z] ----------------------------------------------------------------------
[debug] [2025-09-09T00:13:05.032Z] Command:       /usr/local/bin/node /usr/local/bin/firebase deploy --only firestore
[debug] [2025-09-09T00:13:05.032Z] CLI Version:   14.15.2
[debug] [2025-09-09T00:13:05.033Z] Platform:      darwin
[debug] [2025-09-09T00:13:05.033Z] Node Version:  v24.7.0
[debug] [2025-09-09T00:13:05.033Z] Time:          Tue Sep 09 2025 02:13:05 GMT+0200 (Central European Summer Time)
[debug] [2025-09-09T00:13:05.033Z] ----------------------------------------------------------------------
[debug] 
[debug] [2025-09-09T00:13:06.013Z] > command requires scopes: ["email","openid","https://www.googleapis.com/auth/cloudplatformprojects.readonly","https://www.googleapis.com/auth/firebase","https://www.googleapis.com/auth/cloud-platform"]
[debug] [2025-09-09T00:13:06.046Z] > authorizing via signed-in user (fwittenbecher@gmail.com)
[debug] [2025-09-09T00:13:06.047Z] [iam] checking project body-and-soul-app for permissions ["datastore.indexes.create","datastore.indexes.delete","datastore.indexes.list","datastore.indexes.update","firebase.projects.get"]
[debug] [2025-09-09T00:13:06.049Z] Checked if tokens are valid: true, expires at: 1757379334913
[debug] [2025-09-09T00:13:06.050Z] Checked if tokens are valid: true, expires at: 1757379334913
[debug] [2025-09-09T00:13:06.056Z] >>> [apiv2][query] POST https://cloudresourcemanager.googleapis.com/v1/projects/body-and-soul-app:testIamPermissions [none]
[debug] [2025-09-09T00:13:06.066Z] >>> [apiv2][(partial)header] POST https://cloudresourcemanager.googleapis.com/v1/projects/body-and-soul-app:testIamPermissions x-goog-quota-user=projects/body-and-soul-app
[debug] [2025-09-09T00:13:06.073Z] >>> [apiv2][body] POST https://cloudresourcemanager.googleapis.com/v1/projects/body-and-soul-app:testIamPermissions {"permissions":["datastore.indexes.create","datastore.indexes.delete","datastore.indexes.list","datastore.indexes.update","firebase.projects.get"]}
[debug] [2025-09-09T00:13:06.617Z] <<< [apiv2][status] POST https://cloudresourcemanager.googleapis.com/v1/projects/body-and-soul-app:testIamPermissions 200
[debug] [2025-09-09T00:13:06.620Z] <<< [apiv2][body] POST https://cloudresourcemanager.googleapis.com/v1/projects/body-and-soul-app:testIamPermissions {"permissions":["datastore.indexes.create","datastore.indexes.delete","datastore.indexes.list","datastore.indexes.update","firebase.projects.get"]}
[info] 
[info] === Deploying to 'body-and-soul-app'...
[info] 
[info] i  deploying firestore 
[info] i  firestore: reading indexes from firestore.indexes.json... 
[info] i  cloud.firestore: checking firestore.rules for compilation errors... 
[debug] [2025-09-09T00:13:06.634Z] Checked if tokens are valid: true, expires at: 1757379334913
[debug] [2025-09-09T00:13:06.635Z] Checked if tokens are valid: true, expires at: 1757379334913
[debug] [2025-09-09T00:13:06.636Z] >>> [apiv2][query] POST https://firebaserules.googleapis.com/v1/projects/body-and-soul-app:test [none]
[debug] [2025-09-09T00:13:06.636Z] >>> [apiv2][body] POST https://firebaserules.googleapis.com/v1/projects/body-and-soul-app:test [omitted]
[debug] [2025-09-09T00:13:07.464Z] <<< [apiv2][status] POST https://firebaserules.googleapis.com/v1/projects/body-and-soul-app:test 200
[debug] [2025-09-09T00:13:07.464Z] <<< [apiv2][body] POST https://firebaserules.googleapis.com/v1/projects/body-and-soul-app:test {}
[info] ✔  cloud.firestore: rules file firestore.rules compiled successfully 
[debug] [2025-09-09T00:13:07.465Z] Checked if tokens are valid: true, expires at: 1757379334913
[debug] [2025-09-09T00:13:07.466Z] Checked if tokens are valid: true, expires at: 1757379334913
[debug] [2025-09-09T00:13:07.466Z] >>> [apiv2][query] GET https://firestore.googleapis.com/v1/projects/body-and-soul-app/databases/(default) [none]
[debug] [2025-09-09T00:13:07.634Z] <<< [apiv2][status] GET https://firestore.googleapis.com/v1/projects/body-and-soul-app/databases/(default) 200
[debug] [2025-09-09T00:13:07.634Z] <<< [apiv2][body] GET https://firestore.googleapis.com/v1/projects/body-and-soul-app/databases/(default) {"name":"projects/body-and-soul-app/databases/(default)","uid":"bfc63b61-3547-4888-b494-7df06959dc03","createTime":"2025-09-05T16:05:05.183705Z","updateTime":"2025-09-05T16:05:05.183705Z","locationId":"europe-west3","type":"FIRESTORE_NATIVE","concurrencyMode":"PESSIMISTIC","versionRetentionPeriod":"3600s","earliestVersionTime":"2025-09-08T23:13:07.672568Z","appEngineIntegrationMode":"DISABLED","keyPrefix":"h","pointInTimeRecoveryEnablement":"POINT_IN_TIME_RECOVERY_DISABLED","deleteProtectionState":"DELETE_PROTECTION_DISABLED","databaseEdition":"STANDARD","freeTier":true,"etag":"IO3Wqdmyyo8DMPidyKGAwo8D"}
[debug] [2025-09-09T00:13:07.637Z] Checked if tokens are valid: true, expires at: 1757379334913
[debug] [2025-09-09T00:13:07.638Z] Checked if tokens are valid: true, expires at: 1757379334913
[debug] [2025-09-09T00:13:07.647Z] >>> [apiv2][query] GET https://firebaserules.googleapis.com/v1/projects/body-and-soul-app/releases pageSize=10&pageToken=
[debug] [2025-09-09T00:13:08.448Z] <<< [apiv2][status] GET https://firebaserules.googleapis.com/v1/projects/body-and-soul-app/releases 200
[debug] [2025-09-09T00:13:08.448Z] <<< [apiv2][body] GET https://firebaserules.googleapis.com/v1/projects/body-and-soul-app/releases {"releases":[{"name":"projects/body-and-soul-app/releases/cloud.firestore","rulesetName":"projects/body-and-soul-app/rulesets/3f712bc5-2c0b-4187-a1f0-a1cc85538124","createTime":"2025-09-05T16:05:11.810089Z","updateTime":"2025-09-08T23:55:40.295709Z"},{"name":"projects/body-and-soul-app/releases/firebase.storage/body-and-soul-app.firebasestorage.app","rulesetName":"projects/body-and-soul-app/rulesets/a5d0e49d-f4ba-48c1-b04d-31e4c337cabb","createTime":"2025-09-03T23:44:54.885509Z","updateTime":"2025-09-03T23:44:54.885509Z"}]}
[debug] [2025-09-09T00:13:08.530Z] Checked if tokens are valid: true, expires at: 1757379334913
[debug] [2025-09-09T00:13:08.530Z] Checked if tokens are valid: true, expires at: 1757379334913
[debug] [2025-09-09T00:13:08.530Z] >>> [apiv2][query] GET https://firebaserules.googleapis.com/v1/projects/body-and-soul-app/rulesets/3f712bc5-2c0b-4187-a1f0-a1cc85538124 [none]
[debug] [2025-09-09T00:13:09.218Z] <<< [apiv2][status] GET https://firebaserules.googleapis.com/v1/projects/body-and-soul-app/rulesets/3f712bc5-2c0b-4187-a1f0-a1cc85538124 200
[debug] [2025-09-09T00:13:09.219Z] <<< [apiv2][body] GET https://firebaserules.googleapis.com/v1/projects/body-and-soul-app/rulesets/3f712bc5-2c0b-4187-a1f0-a1cc85538124 [omitted]
[info] i  firestore: uploading rules firestore.rules... 
[debug] [2025-09-09T00:13:09.224Z] Checked if tokens are valid: true, expires at: 1757379334913
[debug] [2025-09-09T00:13:09.225Z] Checked if tokens are valid: true, expires at: 1757379334913
[debug] [2025-09-09T00:13:09.225Z] >>> [apiv2][query] POST https://firebaserules.googleapis.com/v1/projects/body-and-soul-app/rulesets [none]
[debug] [2025-09-09T00:13:09.226Z] >>> [apiv2][body] POST https://firebaserules.googleapis.com/v1/projects/body-and-soul-app/rulesets [omitted]
[debug] [2025-09-09T00:13:10.048Z] <<< [apiv2][status] POST https://firebaserules.googleapis.com/v1/projects/body-and-soul-app/rulesets 200
[debug] [2025-09-09T00:13:10.048Z] <<< [apiv2][body] POST https://firebaserules.googleapis.com/v1/projects/body-and-soul-app/rulesets {"name":"projects/body-and-soul-app/rulesets/71583f0e-0e6e-4556-bf71-6c71c1a69fc9","source":{"files":[{"content":"rules_version = '2';\nservice cloud.firestore {\n  match /databases/{database}/documents {\n    match /User_Profiles/{userId} {\n      allow read, write: if request.auth != null && request.auth.uid == userId;\n    }\n\n    // Allow everyone to read audio files, but only authenticated users to write.\n    match /audio_files/{docId} {\n      allow read: if true;\n      allow write: if request.auth != null;\n    }\n  }\n}","name":"firestore.rules"}]},"createTime":"2025-09-09T00:13:10.006463Z","metadata":{"services":["cloud.firestore"]}}
[debug] [2025-09-09T00:13:10.049Z] [rules] created ruleset projects/body-and-soul-app/rulesets/71583f0e-0e6e-4556-bf71-6c71c1a69fc9
[info] i  firestore: deploying indexes... 
[debug] [2025-09-09T00:13:10.050Z] Checked if tokens are valid: true, expires at: 1757379334913
[debug] [2025-09-09T00:13:10.050Z] Checked if tokens are valid: true, expires at: 1757379334913
[debug] [2025-09-09T00:13:10.050Z] >>> [apiv2][query] GET https://firestore.googleapis.com/v1/projects/body-and-soul-app/databases/(default)/collectionGroups/-/indexes [none]
[debug] [2025-09-09T00:13:10.131Z] <<< [apiv2][status] GET https://firestore.googleapis.com/v1/projects/body-and-soul-app/databases/(default)/collectionGroups/-/indexes 200
[debug] [2025-09-09T00:13:10.131Z] <<< [apiv2][body] GET https://firestore.googleapis.com/v1/projects/body-and-soul-app/databases/(default)/collectionGroups/-/indexes {}
[debug] [2025-09-09T00:13:10.132Z] Checked if tokens are valid: true, expires at: 1757379334913
[debug] [2025-09-09T00:13:10.132Z] Checked if tokens are valid: true, expires at: 1757379334913
[debug] [2025-09-09T00:13:10.132Z] >>> [apiv2][query] GET https://firestore.googleapis.com/v1/projects/body-and-soul-app/databases/(default)/collectionGroups/-/fields?filter=indexConfig.usesAncestorConfig=false OR ttlConfig:* [none]
[debug] [2025-09-09T00:13:10.198Z] <<< [apiv2][status] GET https://firestore.googleapis.com/v1/projects/body-and-soul-app/databases/(default)/collectionGroups/-/fields?filter=indexConfig.usesAncestorConfig=false OR ttlConfig:* 200
[debug] [2025-09-09T00:13:10.198Z] <<< [apiv2][body] GET https://firestore.googleapis.com/v1/projects/body-and-soul-app/databases/(default)/collectionGroups/-/fields?filter=indexConfig.usesAncestorConfig=false OR ttlConfig:* {"fields":[{"name":"projects/body-and-soul-app/databases/(default)/collectionGroups/__default__/fields/*","indexConfig":{"indexes":[{"queryScope":"COLLECTION","fields":[{"fieldPath":"*","order":"ASCENDING"}],"state":"READY"},{"queryScope":"COLLECTION","fields":[{"fieldPath":"*","order":"DESCENDING"}],"state":"READY"},{"queryScope":"COLLECTION","fields":[{"fieldPath":"*","arrayConfig":"CONTAINS"}],"state":"READY"}]}}]}
[debug] [2025-09-09T00:13:10.198Z] Checked if tokens are valid: true, expires at: 1757379334913
[debug] [2025-09-09T00:13:10.198Z] Checked if tokens are valid: true, expires at: 1757379334913
[debug] [2025-09-09T00:13:10.199Z] >>> [apiv2][query] GET https://firestore.googleapis.com/v1/projects/body-and-soul-app/databases/(default) [none]
[debug] [2025-09-09T00:13:10.270Z] <<< [apiv2][status] GET https://firestore.googleapis.com/v1/projects/body-and-soul-app/databases/(default) 200
[debug] [2025-09-09T00:13:10.271Z] <<< [apiv2][body] GET https://firestore.googleapis.com/v1/projects/body-and-soul-app/databases/(default) {"name":"projects/body-and-soul-app/databases/(default)","uid":"bfc63b61-3547-4888-b494-7df06959dc03","createTime":"2025-09-05T16:05:05.183705Z","updateTime":"2025-09-05T16:05:05.183705Z","locationId":"europe-west3","type":"FIRESTORE_NATIVE","concurrencyMode":"PESSIMISTIC","versionRetentionPeriod":"3600s","earliestVersionTime":"2025-09-08T23:13:10.309131Z","appEngineIntegrationMode":"DISABLED","keyPrefix":"h","pointInTimeRecoveryEnablement":"POINT_IN_TIME_RECOVERY_DISABLED","deleteProtectionState":"DELETE_PROTECTION_DISABLED","databaseEdition":"STANDARD","freeTier":true,"etag":"IIvLytqyyo8DMPidyKGAwo8D"}
[info] ✔  firestore: deployed indexes in firestore.indexes.json successfully for (default) database 
[debug] [2025-09-09T00:13:10.275Z] [rules] releasing cloud.firestore/(default) with ruleset projects/body-and-soul-app/rulesets/71583f0e-0e6e-4556-bf71-6c71c1a69fc9
[debug] [2025-09-09T00:13:10.283Z] Checked if tokens are valid: true, expires at: 1757379334913
[debug] [2025-09-09T00:13:10.283Z] Checked if tokens are valid: true, expires at: 1757379334913
[debug] [2025-09-09T00:13:10.283Z] >>> [apiv2][query] PATCH https://firebaserules.googleapis.com/v1/projects/body-and-soul-app/releases/cloud.firestore/(default) [none]
[debug] [2025-09-09T00:13:10.283Z] >>> [apiv2][body] PATCH https://firebaserules.googleapis.com/v1/projects/body-and-soul-app/releases/cloud.firestore/(default) {"release":{"name":"projects/body-and-soul-app/releases/cloud.firestore/(default)","rulesetName":"projects/body-and-soul-app/rulesets/71583f0e-0e6e-4556-bf71-6c71c1a69fc9"}}
[debug] [2025-09-09T00:13:11.217Z] <<< [apiv2][status] PATCH https://firebaserules.googleapis.com/v1/projects/body-and-soul-app/releases/cloud.firestore/(default) 200
[debug] [2025-09-09T00:13:11.217Z] <<< [apiv2][body] PATCH https://firebaserules.googleapis.com/v1/projects/body-and-soul-app/releases/cloud.firestore/(default) {"name":"projects/body-and-soul-app/releases/cloud.firestore","rulesetName":"projects/body-and-soul-app/rulesets/71583f0e-0e6e-4556-bf71-6c71c1a69fc9","createTime":"2025-09-05T16:05:11.810089Z","updateTime":"2025-09-09T00:13:11.088439Z"}
[debug] [2025-09-09T00:13:11.217Z] [rules] updated release projects/body-and-soul-app/releases/cloud.firestore
[info] ✔  firestore: released rules firestore.rules to cloud.firestore 
[info] 
[info] ✔  Deploy complete! 
[info] 
[info] Project Console: https://console.firebase.google.com/project/body-and-soul-app/overview
