[debug] [2025-09-08T01:20:46.968Z] [Firebase Plugin] Activating Firebase extension.
[info] [Firebase Plugin] Checked firebase-tools, is up to date!
[debug] [2025-09-08T01:20:54.786Z] [Firebase Plugin] requireAuthWrapper
[debug] [2025-09-08T01:20:54.788Z] > command requires scopes: ["email","openid","https://www.googleapis.com/auth/cloudplatformprojects.readonly","https://www.googleapis.com/auth/firebase","https://www.googleapis.com/auth/cloud-platform"]
[debug] [2025-09-08T01:20:54.789Z] > authorizing via signed-in user (fwittenbecher@gmail.com)
[debug] [2025-09-08T01:20:54.794Z] Checked if tokens are valid: false, expires at: 1757216995761
[debug] [2025-09-08T01:20:54.794Z] Checked if tokens are valid: false, expires at: 1757216995761
[debug] [2025-09-08T01:20:54.795Z] > refreshing access token with scopes: []
[debug] [2025-09-08T01:20:55.277Z] >>> [apiv2][query] POST https://www.googleapis.com/oauth2/v3/token [none]
[debug] [2025-09-08T01:20:55.279Z] >>> [apiv2][body] POST https://www.googleapis.com/oauth2/v3/token [omitted]
[debug] [2025-09-08T01:20:55.305Z] [Firebase Plugin] VSCode notification server listening on port 40001
[info] [Firebase Plugin] Starting Data Connect toolkit (version 2.12.0) on port 50001
[debug] [2025-09-08T01:20:56.236Z] I0908 03:20:56.211507    8268 control.go:94] [/emulator/htdocs e696] UpdateResources(): done
Schema: sources: schema/schema.gql [790B] 
Connector "example": sources: example/queries.gql [519B] 
 {"metadata":{"emulator":{"name":"dataconnect"},"message":"I0908 03:20:56.211507    8268 control.go:94] [/emulator/htdocs e696] UpdateResources(): done\nSchema: sources: schema/schema.gql [790B] \nConnector \"example\": sources: example/queries.gql [519B] \n"}}
[debug] [2025-09-08T01:20:56.236Z] Ignoring unsupported arg: auto_download {"metadata":{"emulator":{"name":"dataconnect"},"message":"Ignoring unsupported arg: auto_download"}}
[debug] [2025-09-08T01:20:56.237Z] Ignoring unsupported arg: port {"metadata":{"emulator":{"name":"dataconnect"},"message":"Ignoring unsupported arg: port"}}
[debug] [2025-09-08T01:20:56.237Z] Starting Data Connect Emulator with command {"binary":"/Users/cowboy/.cache/firebase/emulators/dataconnect-emulator-2.12.0","args":["--logtostderr","-v=2","dev","--listen=localhost:50001","--config_dir=/Applications/XAMPP/xamppfiles/htdocs/dataconnect","--enable_output_schema_extensions=true","--enable_output_generated_sdk=true"],"optionalArgs":["listen","config_dir","enable_output_schema_extensions","enable_output_generated_sdk"],"joinArgs":true,"shell":false,"port":9399} {"metadata":{"emulator":{"name":"dataconnect"},"message":"Starting Data Connect Emulator with command {\"binary\":\"/Users/cowboy/.cache/firebase/emulators/dataconnect-emulator-2.12.0\",\"args\":[\"--logtostderr\",\"-v=2\",\"dev\",\"--listen=localhost:50001\",\"--config_dir=/Applications/XAMPP/xamppfiles/htdocs/dataconnect\",\"--enable_output_schema_extensions=true\",\"--enable_output_generated_sdk=true\"],\"optionalArgs\":[\"listen\",\"config_dir\",\"enable_output_schema_extensions\",\"enable_output_generated_sdk\"],\"joinArgs\":true,\"shell\":false,\"port\":9399}"}}
[info] i  dataconnect: Data Connect Emulator logging to dataconnect-debug.log {"metadata":{"emulator":{"name":"dataconnect"},"message":"Data Connect Emulator logging to dataconnect-debug.log"}}
[debug] [2025-09-08T01:20:56.379Z] <<< [apiv2][status] POST https://www.googleapis.com/oauth2/v3/token 200
[debug] [2025-09-08T01:20:56.380Z] <<< [apiv2][body] POST https://www.googleapis.com/oauth2/v3/token [omitted]
[debug] [2025-09-08T01:20:56.409Z] [Firebase Plugin] User found:  fwittenbecher@gmail.com
[info] [Firebase Plugin] (Core:Project) New user detected, fetching projects
[debug] [2025-09-08T01:20:56.411Z] Checked if tokens are valid: true, expires at: 1757298055381
[debug] [2025-09-08T01:20:56.413Z] >>> [apiv2][query] GET https://firebase.googleapis.com/v1beta1/projects pageSize=1000
[debug] [2025-09-08T01:20:56.426Z] I0908 03:20:56.419630    8269 load.go:31] Reloading schema and connectors...
 {"metadata":{"emulator":{"name":"dataconnect"},"message":"I0908 03:20:56.419630    8269 load.go:31] Reloading schema and connectors...\n"}}
[debug] [2025-09-08T01:20:56.640Z] I0908 03:20:56.638099    8269 control.go:94] [/emulator/htdocs 5a94] UpdateResources(): done
Schema: sources: schema/schema.gql [790B] 
Connector "example": sources: example/queries.gql [519B] 
 {"metadata":{"emulator":{"name":"dataconnect"},"message":"I0908 03:20:56.638099    8269 control.go:94] [/emulator/htdocs 5a94] UpdateResources(): done\nSchema: sources: schema/schema.gql [790B] \nConnector \"example\": sources: example/queries.gql [519B] \n"}}
[debug] [2025-09-08T01:20:56.737Z] I0908 03:20:56.737431    8269 collector.go:107] schema extensions wrote into "/Applications/XAMPP/xamppfiles/htdocs/dataconnect/.dataconnect/schema"
Generated sources: prelude.gql [73251B] main/implicit.gql [2125B] main/input.gql [49820B] main/relation.gql [26661B] main/query.gql [6445B] main/mutation.gql [17643B] 
I0908 03:20:56.737538    8269 load.go:109] Finished reloading
 {"metadata":{"emulator":{"name":"dataconnect"},"message":"I0908 03:20:56.737431    8269 collector.go:107] schema extensions wrote into \"/Applications/XAMPP/xamppfiles/htdocs/dataconnect/.dataconnect/schema\"\nGenerated sources: prelude.gql [73251B] main/implicit.gql [2125B] main/input.gql [49820B] main/relation.gql [26661B] main/query.gql [6445B] main/mutation.gql [17643B] \nI0908 03:20:56.737538    8269 load.go:109] Finished reloading\n"}}
[debug] [2025-09-08T01:20:56.778Z] I0908 03:20:56.777708    8269 dev.go:102] Listening on address (HTTP + gRPC): 127.0.0.1:50001
 {"metadata":{"emulator":{"name":"dataconnect"},"message":"I0908 03:20:56.777708    8269 dev.go:102] Listening on address (HTTP + gRPC): 127.0.0.1:50001\n"}}
[debug] [2025-09-08T01:20:56.930Z] <<< [apiv2][status] GET https://firebase.googleapis.com/v1beta1/projects 200
[debug] [2025-09-08T01:20:56.930Z] <<< [apiv2][body] GET https://firebase.googleapis.com/v1beta1/projects [omitted]
[error] [Firebase Plugin] error:  {}
